[2026-06-10 19:37:14] Launched game pid 49104
[2026-06-10 19:37:24] 1 new KEPT change(s) detected - waiting for quiet period before restart
[2026-06-10 19:44:44] KEPT changes settled - restarting game to pick them up
[2026-06-10 19:44:47] Launched game pid 8628
[2026-06-10 19:47:17] 1 new KEPT change(s) detected - waiting for quiet period before restart
[2026-06-10 19:49:17] KEPT changes settled - restarting game to pick them up
[2026-06-10 19:49:20] Launched game pid 54544
[2026-06-10 19:51:10] 1 new KEPT change(s) detected - waiting for quiet period before restart
[2026-06-10 19:57:10] KEPT changes settled - restarting game to pick them up
[2026-06-10 19:57:13] Launched game pid 26472
[2026-06-10 19:59:03] 1 new KEPT change(s) detected - waiting for quiet period before restart
[2026-06-10 20:01:03] KEPT changes settled - restarting game to pick them up
[2026-06-10 20:01:05] Launched game pid 37292
[2026-06-10 20:02:45] 1 new KEPT change(s) detected - waiting for quiet period before restart
[2026-06-10 20:08:26] KEPT changes settled - restarting game to pick them up
[2026-06-10 20:08:28] Launched game pid 21676
[2026-06-10 20:11:19] 1 new KEPT change(s) detected - waiting for quiet period before restart
[2026-06-10 20:13:19] KEPT changes settled - restarting game to pick them up
[2026-06-10 20:13:21] Cleaning up stale process Godot_v4.6.3-stable_mono_win64_console.exe (pid 27916)
[2026-06-10 20:13:21] Cleaning up stale process Godot_v4.6.3-stable_mono_win64.exe (pid 42120)
[2026-06-10 20:13:21] Launched game pid 11540
[2026-06-10 20:14:21] 1 new KEPT change(s) detected - waiting for quiet period before restart
[2026-06-10 20:16:21] KEPT changes settled - restarting game to pick them up
[2026-06-10 20:16:24] Cleaning up stale process Rimwork.exe (pid 4716)
[2026-06-10 20:16:24] Launched game pid 70580
[2026-06-10 20:19:04] 1 new KEPT change(s) detected - waiting for quiet period before restart
[2026-06-10 20:21:04] KEPT changes settled - restarting game to pick them up
[2026-06-10 20:21:07] Launched game pid 25852
[2026-06-10 20:43:58] 1 new KEPT change(s) detected - waiting for quiet period before restart
[2026-06-10 20:43:58] Max interval reached with pending KEPT changes - restarting game to pick them up
[2026-06-10 20:44:01] Launched game pid 70984
[2026-06-10 22:30:00] 1 new KEPT change(s) detected - waiting for quiet period before restart
[2026-06-10 22:30:00] Max interval reached with pending KEPT changes - restarting game to pick them up
[2026-06-10 22:30:02] Launched game pid 47884
[2026-06-10 23:12:16] 1 new KEPT change(s) detected - waiting for quiet period before restart
[2026-06-10 23:12:16] Max interval reached with pending KEPT changes - restarting game to pick them up
[2026-06-10 23:12:19] Launched game pid 35316
[2026-06-10 23:14:19] 1 new KEPT change(s) detected - waiting for quiet period before restart
[2026-06-10 23:22:20] Max interval reached with pending KEPT changes - restarting game to pick them up
[2026-06-10 23:22:22] Launched game pid 26268
[2026-06-10 23:24:42] 1 new KEPT change(s) detected - waiting for quiet period before restart
[2026-06-10 23:29:53] KEPT changes settled - restarting game to pick them up
[2026-06-10 23:29:55] Launched game pid 28076
[2026-06-10 23:33:16] 1 new KEPT change(s) detected - waiting for quiet period before restart
[2026-06-10 23:39:56] Max interval reached with pending KEPT changes - restarting game to pick them up
[2026-06-10 23:39:58] Launched game pid 15316
[2026-06-10 23:40:08] 1 new KEPT change(s) detected - waiting for quiet period before restart
[2026-06-10 23:49:59] Max interval reached with pending KEPT changes - restarting game to pick them up
[2026-06-10 23:50:01] Launched game pid 51656
[2026-06-10 23:50:11] 1 new KEPT change(s) detected - waiting for quiet period before restart
[2026-06-11 00:00:02] Max interval reached with pending KEPT changes - restarting game to pick them up
[2026-06-11 00:00:04] Launched game pid 69552
[2026-06-11 00:00:14] 1 new KEPT change(s) detected - waiting for quiet period before restart
[2026-06-11 00:10:05] Max interval reached with pending KEPT changes - restarting game to pick them up
[2026-06-11 00:10:08] Launched game pid 78940
[2026-06-11 00:10:18] 1 new KEPT change(s) detected - waiting for quiet period before restart
[2026-06-11 00:20:08] Max interval reached with pending KEPT changes - restarting game to pick them up
[2026-06-11 00:20:11] Launched game pid 30520
[2026-06-11 00:20:21] 1 new KEPT change(s) detected - waiting for quiet period before restart
[2026-06-11 00:30:12] Max interval reached with pending KEPT changes - restarting game to pick them up
[2026-06-11 00:30:14] Launched game pid 30484
[2026-06-11 00:30:24] 1 new KEPT change(s) detected - waiting for quiet period before restart
[2026-06-11 00:40:15] Max interval reached with pending KEPT changes - restarting game to pick them up
[2026-06-11 00:40:17] Launched game pid 54884
[2026-06-11 00:40:27] 1 new KEPT change(s) detected - waiting for quiet period before restart
[2026-06-11 00:50:18] Max interval reached with pending KEPT changes - restarting game to pick them up
[2026-06-11 00:50:20] Launched game pid 32964
[2026-06-11 00:50:30] 1 new KEPT change(s) detected - waiting for quiet period before restart
[2026-06-11 01:00:21] Max interval reached with pending KEPT changes - restarting game to pick them up
[2026-06-11 01:00:23] Launched game pid 24936
[2026-06-11 01:00:33] 1 new KEPT change(s) detected - waiting for quiet period before restart
[2026-06-11 01:10:24] Max interval reached with pending KEPT changes - restarting game to pick them up
[2026-06-11 01:10:27] Launched game pid 63640
[2026-06-11 01:10:37] 1 new KEPT change(s) detected - waiting for quiet period before restart
[2026-06-11 01:20:28] Max interval reached with pending KEPT changes - restarting game to pick them up
[2026-06-11 01:20:30] Launched game pid 80592
[2026-06-11 01:20:40] 1 new KEPT change(s) detected - waiting for quiet period before restart
[2026-06-11 01:30:31] Max interval reached with pending KEPT changes - restarting game to pick them up
[2026-06-11 01:30:33] Launched game pid 73620
[2026-06-11 01:30:43] 1 new KEPT change(s) detected - waiting for quiet period before restart
[2026-06-11 01:40:34] Max interval reached with pending KEPT changes - restarting game to pick them up
[2026-06-11 01:40:36] Launched game pid 65396
[2026-06-11 01:40:46] 1 new KEPT change(s) detected - waiting for quiet period before restart
[2026-06-11 01:50:37] Max interval reached with pending KEPT changes - restarting game to pick them up
[2026-06-11 01:50:39] Launched game pid 69416
[2026-06-11 01:50:50] 1 new KEPT change(s) detected - waiting for quiet period before restart
[2026-06-11 02:00:41] Max interval reached with pending KEPT changes - restarting game to pick them up
[2026-06-11 02:00:43] Launched game pid 36344
[2026-06-11 02:00:53] 1 new KEPT change(s) detected - waiting for quiet period before restart
[2026-06-11 02:10:44] Max interval reached with pending KEPT changes - restarting game to pick them up
[2026-06-11 02:10:46] Launched game pid 59652
[2026-06-11 02:11:06] 1 new KEPT change(s) detected - waiting for quiet period before restart
[2026-06-11 02:20:47] Max interval reached with pending KEPT changes - restarting game to pick them up
[2026-06-11 02:20:49] Launched game pid 42232
[2026-06-11 02:20:59] 1 new KEPT change(s) detected - waiting for quiet period before restart
[2026-06-11 02:30:50] Max interval reached with pending KEPT changes - restarting game to pick them up
[2026-06-11 02:30:53] Launched game pid 86820
[2026-06-11 02:31:03] 1 new KEPT change(s) detected - waiting for quiet period before restart
[2026-06-11 02:40:54] Max interval reached with pending KEPT changes - restarting game to pick them up
[2026-06-11 02:40:56] Launched game pid 36676
[2026-06-11 02:41:06] 1 new KEPT change(s) detected - waiting for quiet period before restart
[2026-06-11 02:50:57] Max interval reached with pending KEPT changes - restarting game to pick them up
[2026-06-11 02:50:59] Launched game pid 79644
[2026-06-11 02:51:19] 1 new KEPT change(s) detected - waiting for quiet period before restart
[2026-06-11 03:01:01] Max interval reached with pending KEPT changes - restarting game to pick them up
[2026-06-11 03:01:03] Launched game pid 49428
[2026-06-11 03:01:13] 1 new KEPT change(s) detected - waiting for quiet period before restart
[2026-06-11 03:11:04] Max interval reached with pending KEPT changes - restarting game to pick them up
[2026-06-11 03:11:06] Launched game pid 56072
[2026-06-11 03:11:26] 1 new KEPT change(s) detected - waiting for quiet period before restart
[2026-06-11 03:21:07] Max interval reached with pending KEPT changes - restarting game to pick them up
[2026-06-11 03:21:09] Launched game pid 60828
[2026-06-11 03:22:09] 1 new KEPT change(s) detected - waiting for quiet period before restart
[2026-06-11 03:25:10] KEPT changes settled - restarting game to pick them up
[2026-06-11 03:25:12] Launched game pid 64160
[2026-06-11 03:29:32] 1 new KEPT change(s) detected - waiting for quiet period before restart
[2026-06-11 03:31:33] KEPT changes settled - restarting game to pick them up
[2026-06-11 03:31:35] Launched game pid 54996
[2026-06-11 03:35:05] 1 new KEPT change(s) detected - waiting for quiet period before restart
[2026-06-11 03:37:26] KEPT changes settled - restarting game to pick them up
[2026-06-11 03:37:28] Launched game pid 59808
[2026-06-11 03:49:49] 1 new KEPT change(s) detected - waiting for quiet period before restart
[2026-06-11 03:49:49] Max interval reached with pending KEPT changes - restarting game to pick them up
[2026-06-11 03:49:51] Launched game pid 29448
[2026-06-11 03:50:11] 1 new KEPT change(s) detected - waiting for quiet period before restart
[2026-06-11 03:52:52] KEPT changes settled - restarting game to pick them up
[2026-06-11 03:52:54] Launched game pid 65720
[2026-06-11 07:51:03] 1 new KEPT change(s) detected - waiting for quiet period before restart
[2026-06-11 07:51:03] Max interval reached with pending KEPT changes - restarting game to pick them up
[2026-06-11 07:51:05] Launched game pid 18536
[2026-06-11 07:51:25] 1 new KEPT change(s) detected - waiting for quiet period before restart
[2026-06-11 07:55:36] KEPT changes settled - restarting game to pick them up
[2026-06-11 07:55:38] Launched game pid 57324
[2026-06-11 08:15:21] 1 new KEPT change(s) detected - waiting for quiet period before restart
[2026-06-11 08:15:21] Max interval reached with pending KEPT changes - restarting game to pick them up
[2026-06-11 08:15:23] Launched game pid 57908
[2026-06-11 08:19:13] 1 new KEPT change(s) detected - waiting for quiet period before restart
[2026-06-11 08:21:14] KEPT changes settled - restarting game to pick them up
[2026-06-11 08:21:16] Launched game pid 44044
[2026-06-11 08:23:46] 1 new KEPT change(s) detected - waiting for quiet period before restart
[2026-06-11 08:31:17] Max interval reached with pending KEPT changes - restarting game to pick them up
[2026-06-11 08:31:20] Launched game pid 2208
[2026-06-11 08:31:30] 1 new KEPT change(s) detected - waiting for quiet period before restart
[2026-06-11 08:38:31] KEPT changes settled - restarting game to pick them up
[2026-06-11 08:38:34] Launched game pid 20188
[2026-06-11 08:39:04] 1 new KEPT change(s) detected - waiting for quiet period before restart
[2026-06-11 08:41:04] KEPT changes settled - restarting game to pick them up
[2026-06-11 08:41:06] Launched game pid 47872
[2026-06-11 08:42:16] 1 new KEPT change(s) detected - waiting for quiet period before restart
[2026-06-11 08:44:17] KEPT changes settled - restarting game to pick them up
[2026-06-11 08:44:19] Launched game pid 56076
[2026-06-11 08:48:00] 1 new KEPT change(s) detected - waiting for quiet period before restart
[2026-06-11 08:53:00] KEPT changes settled - restarting game to pick them up
[2026-06-11 08:53:03] Launched game pid 10096
[2026-06-11 08:54:23] 1 new KEPT change(s) detected - waiting for quiet period before restart
[2026-06-11 08:56:23] KEPT changes settled - restarting game to pick them up
[2026-06-11 08:56:26] Launched game pid 22236
[2026-06-11 08:58:26] 1 new KEPT change(s) detected - waiting for quiet period before restart
[2026-06-11 09:01:56] KEPT changes settled - restarting game to pick them up
[2026-06-11 09:01:59] Launched game pid 60384
[2026-06-11 09:02:19] 1 new KEPT change(s) detected - waiting for quiet period before restart
[2026-06-11 09:06:49] KEPT changes settled - restarting game to pick them up
[2026-06-11 09:06:52] Launched game pid 69308
[2026-06-11 09:08:02] 1 new KEPT change(s) detected - waiting for quiet period before restart
[2026-06-11 09:15:43] KEPT changes settled - restarting game to pick them up
[2026-06-11 09:15:46] Launched game pid 71332
[2026-06-11 09:15:56] 1 new KEPT change(s) detected - waiting for quiet period before restart
[2026-06-11 09:19:56] KEPT changes settled - restarting game to pick them up
[2026-06-11 09:19:59] Launched game pid 30892
[2026-06-11 10:55:21] Game process exited unexpectedly - restarting
[2026-06-11 10:55:21] Launched game pid 46244
[2026-06-11 10:57:22] 1 new KEPT change(s) detected - waiting for quiet period before restart
[2026-06-11 10:59:22] KEPT changes settled - restarting game to pick them up
[2026-06-11 10:59:24] Launched game pid 12052
